=== 0. frozen state ===
predictor HEAD: 5da7b59385f0
reviewed base aef4dc22e7a6 is an ancestor of HEAD: True
  financial-data  c077e20e2 on docs/agent-onboarding-20260816 (dirty files: 0)
  preprocessor    0fc1895 on docs/agent-onboarding-20260816 (dirty files: 1)
  predictor       5da7b59 on satoshi/crispdm-census-gate-20260910 (dirty files: 90)
  agent-multi     889320ee on docs/agent-onboarding-20260816 (dirty files: 44)
  doin-domains    d01708a on retsu/wp3c-attack-scaling-20260829 (dirty files: 0)
  doin-plugins    c2bea4c on musashi/domain-adaptation-kit-20260816 (dirty files: 0)

=== 1. the 8 focal tests of the reviewed base ===
focal: 8 passed in 0.48s

=== 2. inventory regenerated byte-for-byte ===
committed sha : 3fff5700e5833354fae82ef15ccc52dfe6449bcdbd6637a960189cf800ae1d8f
regenerated   : 3fff5700e5833354fae82ef15ccc52dfe6449bcdbd6637a960189cf800ae1d8f
BYTE-EQUAL    : True
declared inside: 2 datasets / 26541 rows / 99 variables  (claim 2/26541/99)
self digest re-derives: True
dataset states: ['PROFILED_WITH_METADATA_GAPS']

=== 3. financial-data reconciliation regenerated ===
committed sha : 991340e095a67ffa25820d7ff21bc97e0454b1bc43a34e6b2dc84e5326a52500
regenerated   : 991340e095a67ffa25820d7ff21bc97e0454b1bc43a34e6b2dc84e5326a52500
BYTE-EQUAL    : True
present 1680 / missing 0 / declared columns 7860 / bytes 14436534039
self digest re-derives: True

=== 4. throwaway database: double load is idempotent ===
init_db on a fresh database: OK (no manual DDL)
  load #1: {"dataset_profiles": 2, "datasets": 2, "receipt_sha256": "4a1ba7b16a8a968c0f0e0145ce54752980af2e9d3e1276a6ad30068097cdd88c", "series": 2, "variable_profiles": 99, "variables": 99}
  load #2: {"dataset_profiles": 2, "datasets": 2, "receipt_sha256": "4a1ba7b16a8a968c0f0e0145ce54752980af2e9d3e1276a6ad30068097cdd88c", "series": 2, "variable_profiles": 99, "variables": 99}
after two loads: {"dim_dataset": 2, "dim_series": 2, "dim_variable": 99, "fact_dataset_inventory": 2, "fact_variable_profile": 99, "fact_ingestion_receipt": 1}

=== 5. historic ETL on a FRESH database, no manual ALTER TABLE ===
fixture phase_1_ann_1575_1h_results.csv: 72 parseable metric rows (claim 72)
etl exit: 0
  2026-09-10 09:38:43,021 INFO Upserted experiment: ann_1575_1h (predictor=ann, max_steps_train=1575)
  2026-09-10 09:38:43,044 INFO Loaded results summary rows: 72 (experiment=ann_1575_1h)
  2026-09-10 09:38:43,155 INFO Performance loader: written=72 skipped=0 (from file=examples/results/phase_1/phase_1_ann_1575_1h_results.csv, experiment=
  2026-09-10 09:38:43,155 INFO ETL completed for experiment 'ann_1575_1h'.
fact_performance rows on the fresh database: 72 (claim 72 written, 0 skipped)

=== 6. the POPULATED cube, read-only ===
historical experiments: 39 (claim 39)
last performance load : 2026-04-16 19:47:08.187456+00:00
fact_performance rows : 1404
additive tables       : {"dim_dataset": 2, "dim_series": 2, "dim_variable": 99, "fact_dataset_inventory": 2, "fact_variable_profile": 99, "fact_ingestion_receipt": 1}
the populated cube received ZERO writes from this reproduction

=== 7. what does NOT exist yet (the order's work) ===
  ABSENT: incremental financial-data census (P1)
  ABSENT: three-bank common index (P2)
  ABSENT: PUBLICLY_ELIGIBLE manifest (P3)
  ABSENT: selection-boundary audit (P4)
  ABSENT: sealed selection design (P5)
  ABSENT: campaign envelope schema (P6)

PRE CONFIRMED: Musashi's reviewed base reproduces exactly — 8 focal tests pass, both artifacts regenerate BYTE-IDENTICAL with their self-digests, the throwaway double load is idempotent (2/2/99/1), the historic ETL succeeds on a fresh database with no manual ALTER TABLE, and the populated cube stands untouched at 39 experiments. None of the order's P1-P6 artifacts exist.
exit=0
