Referenced but unset environment variable evaluates to an empty string: b
WARNING: All log messages before absl::InitializeLog() is called are written to STDERR
I0000 00:00:1790815886.962162 1291671 port.cc:153] oneDNN custom operations are on. You may see slightly different numerical results due to floating-point round-off errors from different computation orders. To turn them off, set the environment variable `TF_ENABLE_ONEDNN_OPTS=0`.
WARNING: All log messages before absl::InitializeLog() is called are written to STDERR
I0000 00:00:1790815888.327413 1291671 port.cc:153] oneDNN custom operations are on. You may see slightly different numerical results due to floating-point round-off errors from different computation orders. To turn them off, set the environment variable `TF_ENABLE_ONEDNN_OPTS=0`.
{"verdict": "REFUTED", "problems": ["metric MSE: rescored 0.3666577206580638 vs receipt 0.36665136488643674", "per-horizon MAE h9: rescored 0.41098806223798123 vs receipt 0.41098294785313083", "per-horizon MAE h10: rescored 0.41066356502175644 vs receipt 0.4106577709661027", "per-horizon MAE h12: rescored 0.4067724016049437 vs receipt 0.4067664579584287", "per-horizon MAE h13: rescored 0.407607108
WARNING: All log messages before absl::InitializeLog() is called are written to STDERR
I0000 00:00:1790815903.267230 1291998 port.cc:153] oneDNN custom operations are on. You may see slightly different numerical results due to floating-point round-off errors from different computation orders. To turn them off, set the environment variable `TF_ENABLE_ONEDNN_OPTS=0`.
WARNING: All log messages before absl::InitializeLog() is called are written to STDERR
I0000 00:00:1790815904.630594 1291998 port.cc:153] oneDNN custom operations are on. You may see slightly different numerical results due to floating-point round-off errors from different computation orders. To turn them off, set the environment variable `TF_ENABLE_ONEDNN_OPTS=0`.
{"verdict": "REFUTED", "problems": ["metric MSE: rescored 0.3666575340507086 vs receipt 0.36665136488643674", "per-horizon MAE h10: rescored 0.41066343675476824 vs receipt 0.4106577709661027", "per-horizon MAE h12: rescored 0.40677226938351907 vs receipt 0.4067664579584287", "per-horizon MAE h13: rescored 0.4076069108358374 vs receipt 0.4075974034588744", "per-horizon MAE h14: rescored 0.405935364
WARNING: All log messages before absl::InitializeLog() is called are written to STDERR
I0000 00:00:1790815917.711313 1292372 port.cc:153] oneDNN custom operations are on. You may see slightly different numerical results due to floating-point round-off errors from different computation orders. To turn them off, set the environment variable `TF_ENABLE_ONEDNN_OPTS=0`.
WARNING: All log messages before absl::InitializeLog() is called are written to STDERR
I0000 00:00:1790815919.065469 1292372 port.cc:153] oneDNN custom operations are on. You may see slightly different numerical results due to floating-point round-off errors from different computation orders. To turn them off, set the environment variable `TF_ENABLE_ONEDNN_OPTS=0`.
{"verdict": "REFUTED", "problems": ["metric MSE: rescored 0.36665814544266756 vs receipt 0.36665136488643674", "per-horizon MAE h9: rescored 0.41099021518988693 vs receipt 0.41098294785313083", "per-horizon MAE h10: rescored 0.4106639419645146 vs receipt 0.4106577709661027", "per-horizon MAE h11: rescored 0.40732758242175593 vs receipt 0.40732240078895754", "per-horizon MAE h12: rescored 0.4067743
WARNING: All log messages before absl::InitializeLog() is called are written to STDERR
I0000 00:00:1790815928.599682 1292778 port.cc:153] oneDNN custom operations are on. You may see slightly different numerical results due to floating-point round-off errors from different computation orders. To turn them off, set the environment variable `TF_ENABLE_ONEDNN_OPTS=0`.
WARNING: All log messages before absl::InitializeLog() is called are written to STDERR
I0000 00:00:1790815929.963888 1292778 port.cc:153] oneDNN custom operations are on. You may see slightly different numerical results due to floating-point round-off errors from different computation orders. To turn them off, set the environment variable `TF_ENABLE_ONEDNN_OPTS=0`.
{"verdict": "REFUTED", "problems": ["metric MSE: rescored 0.36665814544266756 vs receipt 0.36665136488643674", "per-horizon MAE h9: rescored 0.41099021518988693 vs receipt 0.41098294785313083", "per-horizon MAE h10: rescored 0.4106639419645146 vs receipt 0.4106577709661027", "per-horizon MAE h11: rescored 0.40732758242175593 vs receipt 0.40732240078895754", "per-horizon MAE h12: rescored 0.4067743
WARNING: All log messages before absl::InitializeLog() is called are written to STDERR
I0000 00:00:1790815939.484591 1293089 port.cc:153] oneDNN custom operations are on. You may see slightly different numerical results due to floating-point round-off errors from different computation orders. To turn them off, set the environment variable `TF_ENABLE_ONEDNN_OPTS=0`.
WARNING: All log messages before absl::InitializeLog() is called are written to STDERR
I0000 00:00:1790815940.846249 1293089 port.cc:153] oneDNN custom operations are on. You may see slightly different numerical results due to floating-point round-off errors from different computation orders. To turn them off, set the environment variable `TF_ENABLE_ONEDNN_OPTS=0`.
{"verdict": "REFUTED", "problems": ["per-horizon MAE h24: rescored 0.3978635896646393 vs receipt 0.3978583982375238"], "objective": {"metric": "MAE", "split": "validation", "higher_is_better": false, "unit": "z_train", "rescored_value": 0.4019458468285883, "receipt_value": 0.4019445068751557}}
exit 0
