WARNING: All log messages before absl::InitializeLog() is called are written to STDERR
I0000 00:00:1790820502.663562 1337576 port.cc:153] oneDNN custom operations are on. You may see slightly different numerical results due to floating-point round-off errors from different computation orders. To turn them off, set the environment variable `TF_ENABLE_ONEDNN_OPTS=0`.
WARNING: All log messages before absl::InitializeLog() is called are written to STDERR
I0000 00:00:1790820504.093932 1337576 port.cc:153] oneDNN custom operations are on. You may see slightly different numerical results due to floating-point round-off errors from different computation orders. To turn them off, set the environment variable `TF_ENABLE_ONEDNN_OPTS=0`.
{"F": 3, "input": [null, 24, 3], "fused": [null, 24, 48], "latent": [null, 6, 8], "forecast": [null, 1, 1], "parameters": 86641}
  core input_layer_6                        InputLayer             [None, 24, 48]
  core positional_encoding                  PositionalEncoding     [None, 24, 48]
  core model_projection                     Dense                  [None, 24, 64]
  core attention_0                          MultiHeadAttention     [None, 24, 64]
  core dropout_1                            Dropout                [None, 24, 64]
  core add                                  Add                    [None, 24, 64]
  core attention_norm_0                     LayerNormalization     [None, 24, 64]
  core ffn_expand_0                         Dense                  [None, 24, 128]
  core dropout_2                            Dropout                [None, 24, 128]
  core ffn_project_0                        Dense                  [None, 24, 64]
  core add_1                                Add                    [None, 24, 64]
  core ffn_norm_0                           LayerNormalization     [None, 24, 64]
  core attention_1                          MultiHeadAttention     [None, 24, 64]
  core dropout_4                            Dropout                [None, 24, 64]
  core add_2                                Add                    [None, 24, 64]
  core attention_norm_1                     LayerNormalization     [None, 24, 64]
  core ffn_expand_1                         Dense                  [None, 24, 128]
  core dropout_5                            Dropout                [None, 24, 128]
  core ffn_project_1                        Dense                  [None, 24, 64]
  core add_3                                Add                    [None, 24, 64]
  core ffn_norm_1                           LayerNormalization     [None, 24, 64]
  core stage_0_skip_downsample              Conv1D                 [None, 12, 32]
  core stage_0_block_projection             Conv1D                 [None, 12, 32]
  core stage_0_downsample_residual          Add                    [None, 12, 32]
  core stage_0_downsample_norm              LayerNormalization     [None, 12, 32]
  core stage_0_downsample_activation        Activation             [None, 12, 32]
  core stage_0_temporal_conv                Conv1D                 [None, 12, 32]
  core stage_0_temporal_projection          Conv1D                 [None, 12, 32]
  core stage_0_temporal_residual            Add                    [None, 12, 32]
  core stage_0_temporal_norm                LayerNormalization     [None, 12, 32]
  core stage_0_output                       Activation             [None, 12, 32]
  core stage_1_skip_downsample              Conv1D                 [None, 6, 16]
  core stage_1_block_projection             Conv1D                 [None, 6, 16]
  core stage_1_downsample_residual          Add                    [None, 6, 16]
  core stage_1_downsample_norm              LayerNormalization     [None, 6, 16]
  core stage_1_downsample_activation        Activation             [None, 6, 16]
  core stage_1_temporal_conv                Conv1D                 [None, 6, 16]
  core stage_1_temporal_projection          Conv1D                 [None, 6, 16]
  core stage_1_temporal_residual            Add                    [None, 6, 16]
  core stage_1_temporal_norm                LayerNormalization     [None, 6, 16]
  core stage_1_output                       Activation             [None, 6, 16]
  core stage_2_skip_downsample              Conv1D                 [None, 6, 8]
  core stage_2_block_projection             Conv1D                 [None, 6, 8]
  core stage_2_downsample_residual          Add                    [None, 6, 8]
  core stage_2_downsample_norm              LayerNormalization     [None, 6, 8]
  core stage_2_downsample_activation        Activation             [None, 6, 8]
  core stage_2_temporal_conv                Conv1D                 [None, 6, 8]
  core stage_2_temporal_projection          Conv1D                 [None, 6, 8]
  core stage_2_temporal_residual            Add                    [None, 6, 8]
  core stage_2_temporal_norm                LayerNormalization     [None, 6, 8]
  core stage_2_output                       Activation             [None, 6, 8]
{"F": 7, "input": [null, 24, 7], "fused": [null, 24, 112], "latent": [null, 6, 8], "forecast": [null, 1, 1], "parameters": 90993}
  core input_layer_22                       InputLayer             [None, 24, 112]
  core positional_encoding                  PositionalEncoding     [None, 24, 112]
  core model_projection                     Dense                  [None, 24, 64]
  core attention_0                          MultiHeadAttention     [None, 24, 64]
  core dropout_7                            Dropout                [None, 24, 64]
  core add_4                                Add                    [None, 24, 64]
  core attention_norm_0                     LayerNormalization     [None, 24, 64]
  core ffn_expand_0                         Dense                  [None, 24, 128]
  core dropout_8                            Dropout                [None, 24, 128]
  core ffn_project_0                        Dense                  [None, 24, 64]
  core add_5                                Add                    [None, 24, 64]
  core ffn_norm_0                           LayerNormalization     [None, 24, 64]
  core attention_1                          MultiHeadAttention     [None, 24, 64]
  core dropout_10                           Dropout                [None, 24, 64]
  core add_6                                Add                    [None, 24, 64]
  core attention_norm_1                     LayerNormalization     [None, 24, 64]
  core ffn_expand_1                         Dense                  [None, 24, 128]
  core dropout_11                           Dropout                [None, 24, 128]
  core ffn_project_1                        Dense                  [None, 24, 64]
  core add_7                                Add                    [None, 24, 64]
  core ffn_norm_1                           LayerNormalization     [None, 24, 64]
  core stage_0_skip_downsample              Conv1D                 [None, 12, 32]
  core stage_0_block_projection             Conv1D                 [None, 12, 32]
  core stage_0_downsample_residual          Add                    [None, 12, 32]
  core stage_0_downsample_norm              LayerNormalization     [None, 12, 32]
  core stage_0_downsample_activation        Activation             [None, 12, 32]
  core stage_0_temporal_conv                Conv1D                 [None, 12, 32]
  core stage_0_temporal_projection          Conv1D                 [None, 12, 32]
  core stage_0_temporal_residual            Add                    [None, 12, 32]
  core stage_0_temporal_norm                LayerNormalization     [None, 12, 32]
  core stage_0_output                       Activation             [None, 12, 32]
  core stage_1_skip_downsample              Conv1D                 [None, 6, 16]
  core stage_1_block_projection             Conv1D                 [None, 6, 16]
  core stage_1_downsample_residual          Add                    [None, 6, 16]
  core stage_1_downsample_norm              LayerNormalization     [None, 6, 16]
  core stage_1_downsample_activation        Activation             [None, 6, 16]
  core stage_1_temporal_conv                Conv1D                 [None, 6, 16]
  core stage_1_temporal_projection          Conv1D                 [None, 6, 16]
  core stage_1_temporal_residual            Add                    [None, 6, 16]
  core stage_1_temporal_norm                LayerNormalization     [None, 6, 16]
  core stage_1_output                       Activation             [None, 6, 16]
  core stage_2_skip_downsample              Conv1D                 [None, 6, 8]
  core stage_2_block_projection             Conv1D                 [None, 6, 8]
  core stage_2_downsample_residual          Add                    [None, 6, 8]
  core stage_2_downsample_norm              LayerNormalization     [None, 6, 8]
  core stage_2_downsample_activation        Activation             [None, 6, 8]
  core stage_2_temporal_conv                Conv1D                 [None, 6, 8]
  core stage_2_temporal_projection          Conv1D                 [None, 6, 8]
  core stage_2_temporal_residual            Add                    [None, 6, 8]
  core stage_2_temporal_norm                LayerNormalization     [None, 6, 8]
  core stage_2_output                       Activation             [None, 6, 8]
